// Jest Snapshot v1, https://goo.gl/fbAQLP

exports[`MainWrapper renders without crashing 1`] = `
<styled.div>
  <p>
    Lorem Ipsum
  </p>
</styled.div>
`;
